using global::System.Linq;
namespace Dolly;
partial class SimpleClass : global::Dolly.IClonable<SimpleClass>
{
    object global::System.ICloneable.Clone() => this.DeepClone();
    public global::Dolly.SimpleClass DeepClone() =>
        new ()
        {
            First = First,
            Second = Second
        };

    public global::Dolly.SimpleClass ShallowClone() =>
        new ()
        {
            First = First,
            Second = Second
        };
}
