using global::System.Linq;
namespace Dolly;
partial struct SimpleStruct : global::Dolly.IClonable<SimpleStruct>
{
    object global::System.ICloneable.Clone() => this.DeepClone();
    public global::Dolly.SimpleStruct DeepClone() =>
        new ()
        {
            First = First,
            Second = Second
        };

    public global::Dolly.SimpleStruct ShallowClone() =>
        new ()
        {
            First = First,
            Second = Second
        };
}
