using global::System.Linq;
namespace Dolly;
partial class SimpleClass : global::Dolly.IClonable<SimpleClass>
{
    object global::System.ICloneable.Clone() => this.DeepClone();
    public virtual global::Dolly.SimpleClass DeepClone() =>
        new ()
        {

        };

    public virtual global::Dolly.SimpleClass ShallowClone() =>
        new ()
        {

        };
}

using global::System.Linq;
namespace Dolly;
partial class ComplexClass : global::Dolly.IClonable<ComplexClass>
{
    
    public override global::Dolly.ComplexClass DeepClone() =>
        new ()
        {

        };

    public override global::Dolly.ComplexClass ShallowClone() =>
        new ()
        {

        };
}
