using Dolly;
using System.Linq;
namespace Dolly;
partial class SimpleClass : IClonable<SimpleClass>
{
    object ICloneable.Clone() => this.DeepClone();
    public virtual SimpleClass DeepClone() =>
        new ()
        {
            First = First,
            Second = Second
        };

    public virtual SimpleClass ShallowClone() =>
        new ()
        {
            First = First,
            Second = Second
        };
}

using Dolly;
using System.Linq;
namespace Dolly;
partial struct SimpleStruct : IClonable<SimpleStruct>
{
    object ICloneable.Clone() => this.DeepClone();
    public SimpleStruct DeepClone() =>
        new ()
        {
            First = First,
            Second = Second
        };

    public SimpleStruct ShallowClone() =>
        new ()
        {
            First = First,
            Second = Second
        };
}

using Dolly;
using System.Linq;
namespace Dolly;
partial class ComplexClass : IClonable<ComplexClass>
{
    object ICloneable.Clone() => this.DeepClone();
    public virtual ComplexClass DeepClone() =>
        new ()
        {
            IntArray = IntArray?.ToArray(),
            IntList = IntList == null ? null : new (IntList),
            IntIEnumerable = IntIEnumerable?.ToArray(),
            StringArray = StringArray?.ToArray(),
            StringList = StringList == null ? null : new (StringList),
            StringIEnumerable = StringIEnumerable?.ToArray(),
            ReferenceArray = ReferenceArray?.Select(item => item?.DeepClone()).ToArray(),
            ReferenceList = ReferenceList == null ? null : new (ReferenceList.Select(item => item?.DeepClone())),
            ReferenceIEnumerable = ReferenceIEnumerable?.Select(item => item?.DeepClone()).ToArray(),
            ValueArray = ValueArray?.Select(item => item?.DeepClone()).ToArray(),
            ValueList = ValueList == null ? null : new (ValueList.Select(item => item?.DeepClone())),
            ValueIEnumerable = ValueIEnumerable?.Select(item => item?.DeepClone()).ToArray()
        };

    public virtual ComplexClass ShallowClone() =>
        new ()
        {
            IntArray = IntArray?.ToArray(),
            IntList = IntList == null ? null : new (IntList),
            IntIEnumerable = IntIEnumerable?.ToArray(),
            StringArray = StringArray?.ToArray(),
            StringList = StringList == null ? null : new (StringList),
            StringIEnumerable = StringIEnumerable?.ToArray(),
            ReferenceArray = ReferenceArray?.ToArray(),
            ReferenceList = ReferenceList == null ? null : new (ReferenceList),
            ReferenceIEnumerable = ReferenceIEnumerable?.ToArray(),
            ValueArray = ValueArray?.ToArray(),
            ValueList = ValueList == null ? null : new (ValueList),
            ValueIEnumerable = ValueIEnumerable?.ToArray()
        };
}
