using global::System.Linq;
namespace Dolly;
partial record SimpleClass : global::Dolly.IClonable<SimpleClass>
{
    object global::System.ICloneable.Clone() => this.DeepClone();
    public global::Dolly.SimpleClass DeepClone() =>
        new (Foo)
        {

        };

    public global::Dolly.SimpleClass ShallowClone() =>
        new (Foo)
        {

        };
}
